Archive member included to satisfy reference by file (symbol)

c:/program files (x86)/atmel/studio/7.0/toolchain/avr8/avr8-gnu-toolchain/bin/../lib/gcc/avr/4.9.2/../../../../avr/lib/avr5\libm.a(fixunssfsi.o)
                              firmware.o (__fixunssfsi)
c:/program files (x86)/atmel/studio/7.0/toolchain/avr8/avr8-gnu-toolchain/bin/../lib/gcc/avr/4.9.2/../../../../avr/lib/avr5\libm.a(floatsisf.o)
                              firmware.o (__floatunsisf)
c:/program files (x86)/atmel/studio/7.0/toolchain/avr8/avr8-gnu-toolchain/bin/../lib/gcc/avr/4.9.2/../../../../avr/lib/avr5\libm.a(fp_split3.o)
                              c:/program files (x86)/atmel/studio/7.0/toolchain/avr8/avr8-gnu-toolchain/bin/../lib/gcc/avr/4.9.2/../../../../avr/lib/avr5\libm.a(fixunssfsi.o) (__fp_splitA)
c:/program files (x86)/atmel/studio/7.0/toolchain/avr8/avr8-gnu-toolchain/bin/../lib/gcc/avr/4.9.2/../../../../avr/lib/avr5\libm.a(fp_zero.o)
                              c:/program files (x86)/atmel/studio/7.0/toolchain/avr8/avr8-gnu-toolchain/bin/../lib/gcc/avr/4.9.2/../../../../avr/lib/avr5\libm.a(fixunssfsi.o) (__fp_zero)
D:\castillohair\Documents\Atmel Studio\arduinoCore328\libcore.a(wiring.c.o)
                              Sd2Card.o (millis)
D:\castillohair\Documents\Atmel Studio\arduinoCore328\libcore.a(wiring_digital.c.o)
                              SPI.o (pinMode)
D:\castillohair\Documents\Atmel Studio\arduinoCore328\libcore.a(HardwareSerial.cpp.o)
                              SdFile.o (_ZN14HardwareSerial5writeEh)
D:\castillohair\Documents\Atmel Studio\arduinoCore328\libcore.a(HardwareSerial0.cpp.o)
                              SdFile.o (Serial)
D:\castillohair\Documents\Atmel Studio\arduinoCore328\libcore.a(Print.cpp.o)
                              SdFile.o (_ZN5Print5writeEPKhj)
D:\castillohair\Documents\Atmel Studio\arduinoCore328\libcore.a(Stream.cpp.o)
                              firmware.o (_ZN6Stream9readBytesEPcj)
D:\castillohair\Documents\Atmel Studio\arduinoCore328\libcore.a(WString.cpp.o)
                              D:\castillohair\Documents\Atmel Studio\arduinoCore328\libcore.a(Stream.cpp.o) (_ZN6StringC1EPKc)
D:\castillohair\Documents\Atmel Studio\arduinoCore328\libcore.a(hooks.c.o)
                              D:\castillohair\Documents\Atmel Studio\arduinoCore328\libcore.a(wiring.c.o) (yield)
D:\castillohair\Documents\Atmel Studio\arduinoCore328\libcore.a(abi.cpp.o)
                              D:\castillohair\Documents\Atmel Studio\arduinoCore328\libcore.a(Print.cpp.o) (__cxa_pure_virtual)
c:/program files (x86)/atmel/studio/7.0/toolchain/avr8/avr8-gnu-toolchain/bin/../lib/gcc/avr/4.9.2/../../../../avr/lib/avr5\libm.a(addsf3.o)
                              D:\castillohair\Documents\Atmel Studio\arduinoCore328\libcore.a(Print.cpp.o) (__subsf3)
c:/program files (x86)/atmel/studio/7.0/toolchain/avr8/avr8-gnu-toolchain/bin/../lib/gcc/avr/4.9.2/../../../../avr/lib/avr5\libm.a(addsf3x.o)
                              c:/program files (x86)/atmel/studio/7.0/toolchain/avr8/avr8-gnu-toolchain/bin/../lib/gcc/avr/4.9.2/../../../../avr/lib/avr5\libm.a(addsf3.o) (__addsf3x)
c:/program files (x86)/atmel/studio/7.0/toolchain/avr8/avr8-gnu-toolchain/bin/../lib/gcc/avr/4.9.2/../../../../avr/lib/avr5\libm.a(cmpsf2.o)
                              D:\castillohair\Documents\Atmel Studio\arduinoCore328\libcore.a(Print.cpp.o) (__ltsf2)
c:/program files (x86)/atmel/studio/7.0/toolchain/avr8/avr8-gnu-toolchain/bin/../lib/gcc/avr/4.9.2/../../../../avr/lib/avr5\libm.a(divsf3.o)
                              D:\castillohair\Documents\Atmel Studio\arduinoCore328\libcore.a(Print.cpp.o) (__divsf3)
c:/program files (x86)/atmel/studio/7.0/toolchain/avr8/avr8-gnu-toolchain/bin/../lib/gcc/avr/4.9.2/../../../../avr/lib/avr5\libm.a(divsf3x.o)
                              c:/program files (x86)/atmel/studio/7.0/toolchain/avr8/avr8-gnu-toolchain/bin/../lib/gcc/avr/4.9.2/../../../../avr/lib/avr5\libm.a(divsf3.o) (__divsf3x)
c:/program files (x86)/atmel/studio/7.0/toolchain/avr8/avr8-gnu-toolchain/bin/../lib/gcc/avr/4.9.2/../../../../avr/lib/avr5\libm.a(fixsfsi.o)
                              D:\castillohair\Documents\Atmel Studio\arduinoCore328\libcore.a(Print.cpp.o) (__fixsfsi)
c:/program files (x86)/atmel/studio/7.0/toolchain/avr8/avr8-gnu-toolchain/bin/../lib/gcc/avr/4.9.2/../../../../avr/lib/avr5\libm.a(fp_cmp.o)
                              c:/program files (x86)/atmel/studio/7.0/toolchain/avr8/avr8-gnu-toolchain/bin/../lib/gcc/avr/4.9.2/../../../../avr/lib/avr5\libm.a(cmpsf2.o) (__fp_cmp)
c:/program files (x86)/atmel/studio/7.0/toolchain/avr8/avr8-gnu-toolchain/bin/../lib/gcc/avr/4.9.2/../../../../avr/lib/avr5\libm.a(fp_inf.o)
                              c:/program files (x86)/atmel/studio/7.0/toolchain/avr8/avr8-gnu-toolchain/bin/../lib/gcc/avr/4.9.2/../../../../avr/lib/avr5\libm.a(addsf3x.o) (__fp_inf)
[...]
Memory Configuration

Name             Origin             Length             Attributes
text             0x00000000         0x00020000         xr
data             0x00800060         0x0000ffa0         rw !x
eeprom           0x00810000         0x00010000         rw !x
fuse             0x00820000         0x00000003         rw !x
lock             0x00830000         0x00000400         rw !x
signature        0x00840000         0x00000400         rw !x
user_signatures  0x00850000         0x00000400         rw !x
*default*        0x00000000         0xffffffff

Linker script and memory map

Address of section .data set to 0x800100
LOAD c:/program files (x86)/atmel/studio/7.0/toolchain/avr8/avr8-gnu-toolchain/bin/../lib/gcc/avr/4.9.2/../../../../avr/lib/avr5/crtatmega328.o
LOAD SPI.o
LOAD File.o
LOAD SD.o
LOAD Sd2Card.o
LOAD SdFile.o
LOAD SdVolume.o
LOAD firmware.o
LOAD MsTimer/MsTimer.o
LOAD StatusLeds/StatusLeds.o
LOAD Tlc5941/Tlc5941.o
START GROUP
LOAD c:/program files (x86)/atmel/studio/7.0/toolchain/avr8/avr8-gnu-toolchain/bin/../lib/gcc/avr/4.9.2/../../../../avr/lib/avr5\libm.a
LOAD D:\castillohair\Documents\Atmel Studio\arduinoCore328\libcore.a
END GROUP
LOAD c:/program files (x86)/atmel/studio/7.0/toolchain/avr8/avr8-gnu-toolchain/bin/../lib/gcc/avr/4.9.2/avr5\libgcc.a
LOAD c:/program files (x86)/atmel/studio/7.0/toolchain/avr8/avr8-gnu-toolchain/bin/../lib/gcc/avr/4.9.2/../../../../avr/lib/avr5\libm.a
START GROUP
LOAD c:/program files (x86)/atmel/studio/7.0/toolchain/avr8/avr8-gnu-toolchain/bin/../lib/gcc/avr/4.9.2/avr5\libgcc.a
LOAD c:/program files (x86)/atmel/studio/7.0/toolchain/avr8/avr8-gnu-toolchain/bin/../lib/gcc/avr/4.9.2/../../../../avr/lib/avr5\libm.a
LOAD c:/program files (x86)/atmel/studio/7.0/toolchain/avr8/avr8-gnu-toolchain/bin/../lib/gcc/avr/4.9.2/../../../../avr/lib/avr5\libc.a
LOAD c:/program files (x86)/atmel/studio/7.0/toolchain/avr8/avr8-gnu-toolchain/bin/../lib/gcc/avr/4.9.2/../../../../avr/lib/avr5\libatmega328.a
END GROUP
                0x00020000                __TEXT_REGION_LENGTH__ = DEFINED (__TEXT_REGION_LENGTH__)?__TEXT_REGION_LENGTH__:0x20000
                0x0000ffa0                __DATA_REGION_LENGTH__ = DEFINED (__DATA_REGION_LENGTH__)?__DATA_REGION_LENGTH__:0xffa0
                0x00010000                __EEPROM_REGION_LENGTH__ = DEFINED (__EEPROM_REGION_LENGTH__)?__EEPROM_REGION_LENGTH__:0x10000
                [0x00000003]                __FUSE_REGION_LENGTH__ = DEFINED (__FUSE_REGION_LENGTH__)?__FUSE_REGION_LENGTH__:0x400
                0x00000400                __LOCK_REGION_LENGTH__ = DEFINED (__LOCK_REGION_LENGTH__)?__LOCK_REGION_LENGTH__:0x400
                0x00000400                __SIGNATURE_REGION_LENGTH__ = DEFINED (__SIGNATURE_REGION_LENGTH__)?__SIGNATURE_REGION_LENGTH__:0x400
                0x00000400                __USER_SIGNATURE_REGION_LENGTH__ = DEFINED (__USER_SIGNATURE_REGION_LENGTH__)?__USER_SIGNATURE_REGION_LENGTH__:0x400

.hash
 *(.hash)

.dynsym
 *(.dynsym)

.dynstr
 *(.dynstr)

.gnu.version
 *(.gnu.version)

.gnu.version_d
 *(.gnu.version_d)

.gnu.version_r
 *(.gnu.version_r)

.rel.init
 *(.rel.init)

.rela.init
 *(.rela.init)

.rel.text
 *(.rel.text)
 *(.rel.text.*)
 *(.rel.gnu.linkonce.t*)

.rela.text
 *(.rela.text)
 *(.rela.text.*)
 *(.rela.gnu.linkonce.t*)

.rel.fini
 *(.rel.fini)

.rela.fini
 *(.rela.fini)

.rel.rodata
 *(.rel.rodata)
 *(.rel.rodata.*)
 *(.rel.gnu.linkonce.r*)

.rela.rodata
 *(.rela.rodata)
 *(.rela.rodata.*)
 *(.rela.gnu.linkonce.r*)

.rel.data
 *(.rel.data)
 *(.rel.data.*)
 *(.rel.gnu.linkonce.d*)

.rela.data
 *(.rela.data)
 *(.rela.data.*)
 *(.rela.gnu.linkonce.d*)

.rel.ctors
 *(.rel.ctors)

.rela.ctors
 *(.rela.ctors)

.rel.dtors
 *(.rel.dtors)

.rela.dtors
 *(.rela.dtors)

.rel.got
 *(.rel.got)

.rela.got
 *(.rela.got)

.rel.bss
 *(.rel.bss)

.rela.bss
 *(.rela.bss)

.rel.plt
 *(.rel.plt)

.rela.plt
 *(.rela.plt)

.text           0x00000000     0x3eb8
 *(.vectors)
 .vectors       0x00000000       0x68 c:/program files (x86)/atmel/studio/7.0/toolchain/avr8/avr8-gnu-toolchain/bin/../lib/gcc/avr/4.9.2/../../../../avr/lib/avr5/crtatmega328.o
                0x00000000                __vector_default
                0x00000000                __vectors
 *(.vectors)
 *(.progmem.gcc*)
 .progmem.gcc_sw_table._Z16UpdateStatusLedsv
                0x00000068       0x10 firmware.o
                0x00000078                . = ALIGN (0x2)
                0x00000078                __trampolines_start = .
 *(.trampolines)
 .trampolines   0x00000078        0x0 linker stubs
 *(.trampolines*)
                0x00000078                __trampolines_end = .
 *libprintf_flt.a:*(.progmem.data)
 *libc.a:*(.progmem.data)
 *(.progmem*)
 .progmem.data._ZZN6SdFile10make83NameEPKcPhE3__c
                0x00000078       0x10 SdFile.o
 .progmem.data._ZL12well2channel
                0x00000088       0x30 firmware.o
 .progmem.data.digital_pin_to_timer_PGM
                0x000000b8       0x14 D:\castillohair\Documents\Atmel Studio\arduinoCore328\libcore.a(wiring_digital.c.o)
                0x000000b8                digital_pin_to_timer_PGM
 .progmem.data.digital_pin_to_bit_mask_PGM
                0x000000cc       0x14 D:\castillohair\Documents\Atmel Studio\arduinoCore328\libcore.a(wiring_digital.c.o)
                0x000000cc                digital_pin_to_bit_mask_PGM
 .progmem.data.digital_pin_to_port_PGM
                0x000000e0       0x14 D:\castillohair\Documents\Atmel Studio\arduinoCore328\libcore.a(wiring_digital.c.o)
                0x000000e0                digital_pin_to_port_PGM
 .progmem.data.port_to_output_PGM
                0x000000f4        0xa D:\castillohair\Documents\Atmel Studio\arduinoCore328\libcore.a(wiring_digital.c.o)
                0x000000f4                port_to_output_PGM
 .progmem.data.port_to_mode_PGM
                0x000000fe        0xa D:\castillohair\Documents\Atmel Studio\arduinoCore328\libcore.a(wiring_digital.c.o)
                0x000000fe                port_to_mode_PGM
                0x00000108                . = ALIGN (0x2)
 *(.jumptables)
 *(.jumptables*)
 *(.lowtext)
 *(.lowtext*)
                0x00000108                __ctors_start = .
 *(.ctors)
 .ctors         0x00000108        0x2 SD.o
 .ctors         0x0000010a        0x2 Sd2Card.o
 .ctors         0x0000010c        0x2 D:\castillohair\Documents\Atmel Studio\arduinoCore328\libcore.a(HardwareSerial0.cpp.o)
                0x0000010e                __ctors_end = .
                0x0000010e                __dtors_start = .
 *(.dtors)
                0x0000010e                __dtors_end = .
 SORT(*)(.ctors)
 SORT(*)(.dtors)
 *(.init0)
 .init0         0x0000010e        0x0 c:/program files (x86)/atmel/studio/7.0/toolchain/avr8/avr8-gnu-toolchain/bin/../lib/gcc/avr/4.9.2/../../../../avr/lib/avr5/crtatmega328.o
                0x0000010e                __init
 *(.init0)
 *(.init1)
 *(.init1)
 *(.init2)
 .init2         0x0000010e        0xc c:/program files (x86)/atmel/studio/7.0/toolchain/avr8/avr8-gnu-toolchain/bin/../lib/gcc/avr/4.9.2/../../../../avr/lib/avr5/crtatmega328.o
 *(.init2)
 *(.init3)
 *(.init3)
 *(.init4)
 .init4         0x0000011a       0x16 c:/program files (x86)/atmel/studio/7.0/toolchain/avr8/avr8-gnu-toolchain/bin/../lib/gcc/avr/4.9.2/avr5\libgcc.a(_copy_data.o)
                0x0000011a                __do_copy_data
 .init4         0x00000130       0x10 c:/program files (x86)/atmel/studio/7.0/toolchain/avr8/avr8-gnu-toolchain/bin/../lib/gcc/avr/4.9.2/avr5\libgcc.a(_clear_bss.o)
                0x00000130                __do_clear_bss
 *(.init4)
 *(.init5)
 *(.init5)
 *(.init6)
 .init6         0x00000140       0x16 c:/program files (x86)/atmel/studio/7.0/toolchain/avr8/avr8-gnu-toolchain/bin/../lib/gcc/avr/4.9.2/avr5\libgcc.a(_ctors.o)
                0x00000140                __do_global_ctors
 *(.init6)
 *(.init7)
 *(.init7)
 *(.init8)
 *(.init8)
 *(.init9)
 .init9         0x00000156        0x8 c:/program files (x86)/atmel/studio/7.0/toolchain/avr8/avr8-gnu-toolchain/bin/../lib/gcc/avr/4.9.2/../../../../avr/lib/avr5/crtatmega328.o
 *(.init9)
 *(.text)
 .text          0x0000015e        0x4 c:/program files (x86)/atmel/studio/7.0/toolchain/avr8/avr8-gnu-toolchain/bin/../lib/gcc/avr/4.9.2/../../../../avr/lib/avr5/crtatmega328.o
                0x0000015e                __vector_22
                0x0000015e                __vector_1
                0x0000015e                __vector_24
                0x0000015e                __vector_12
                0x0000015e                __bad_interrupt
                0x0000015e                __vector_6
                0x0000015e                __vector_3
                0x0000015e                __vector_23
                0x0000015e                __vector_25
                0x0000015e                __vector_13
                0x0000015e                __vector_17
                0x0000015e                __vector_5
                0x0000015e                __vector_4
                0x0000015e                __vector_9
                0x0000015e                __vector_2
                0x0000015e                __vector_21
                0x0000015e                __vector_15
                0x0000015e                __vector_8
                0x0000015e                __vector_14
                0x0000015e                __vector_10
                0x0000015e                __vector_20
                0x00000162                . = ALIGN (0x2)
 *(.text.*)
 .text._ZN8SPIClass5beginEv
                0x00000162       0x6c SPI.o
                0x00000162                _ZN8SPIClass5beginEv
 .text._ZN4File5writeEh
                0x000001ce       0x2c File.o
                0x000001ce                _ZN4File5writeEh
 .text._ZN4File5writeEPKhj
                0x000001fa       0x38 File.o
                0x000001fa                _ZN4File5writeEPKhj
 .text._ZN4File5flushEv
                0x00000232       0x10 File.o
                0x00000232                _ZN4File5flushEv
 .text._ZN6SdFile4readEv
                0x00000242       0x2e File.o
                0x00000242                _ZN6SdFile4readEv
 .text._ZN4File4readEv
                0x00000270       0x14 File.o
                0x00000270                _ZN4File4readEv
 .text._ZN4File4peekEv
                0x00000284       0x54 File.o
                0x00000284                _ZN4File4peekEv
 .text._ZN4FileC2E6SdFilePKc
                0x000002d8       0x6a File.o
                0x000002d8                _ZN4FileC1E6SdFilePKc
                0x000002d8                _ZN4FileC2E6SdFilePKc
 .text._ZN4FileC2Ev
                0x00000342       0x26 File.o
                0x00000342                _ZN4FileC2Ev
                0x00000342                _ZN4FileC1Ev
 .text._ZN4File4seekEm
                0x00000368       0x1a File.o
                0x00000368                _ZN4File4seekEm
 .text._ZN4File8positionEv
                0x00000382       0x20 File.o
                0x00000382                _ZN4File8positionEv
 .text._ZN4File4sizeEv
                0x000003a2       0x20 File.o
                0x000003a2                _ZN4File4sizeEv
 .text._ZN4File9availableEv
                0x000003c2       0x5e File.o
                0x000003c2                _ZN4File9availableEv
 .text._ZN4File5closeEv
                0x00000420       0x24 File.o
                0x00000420                _ZN4File5closeEv
 .text._ZN4FilecvbEv
                0x00000444       0x1a File.o
                0x00000444                _ZN4FilecvbEv
 .text._ZN7SDClass5beginEh
                0x0000045e       0x5a SD.o
                0x0000045e                _ZN7SDClass5beginEh
 .text._ZN6SdFileC2ERKS_
                0x000004b8       0xa2 SD.o
                0x000004b8                _ZN6SdFileC1ERKS_
                0x000004b8                _ZN6SdFileC2ERKS_
 .text._ZN7SDClass12getParentDirEPKcPi
                0x0000055a      0x12a SD.o
                0x0000055a                _ZN7SDClass12getParentDirEPKcPi
 .text._ZN7SDClass4openEPKch
                0x00000684      0x114 SD.o
                0x00000684                _ZN7SDClass4openEPKch
 .text.startup._GLOBAL__sub_I__Z20getNextPathComponentPcPjS_
                0x00000798       0x2e SD.o
 .text._ZN8SPIClass16beginTransactionE11SPISettings
                0x000007c6       0x34 Sd2Card.o
                0x000007c6                _ZN8SPIClass16beginTransactionE11SPISettings
 .text._ZN8SPIClass8transferEh
                0x000007fa        0xe Sd2Card.o
                0x000007fa                _ZN8SPIClass8transferEh
 .text._ZL6spiRecv
                0x00000808        0x6 Sd2Card.o
 .text._ZN8SPIClass14endTransactionEv
                0x0000080e       0x22 Sd2Card.o
                0x0000080e                _ZN8SPIClass14endTransactionEv
 .text._ZN7Sd2Card14chipSelectHighEv
                0x00000830       0x1c Sd2Card.o
                0x00000830                _ZN7Sd2Card14chipSelectHighEv
 .text._ZN7Sd2Card13chipSelectLowEv
                0x0000084c       0x2c Sd2Card.o
                0x0000084c                _ZN7Sd2Card13chipSelectLowEv
 .text._ZN7Sd2Card7readEndEv
                0x00000878       0x34 Sd2Card.o
                0x00000878                _ZN7Sd2Card7readEndEv
 .text._ZN7Sd2Card10setSckRateEh
                0x000008ac       0x56 Sd2Card.o
                0x000008ac                _ZN7Sd2Card10setSckRateEh
 .text._ZN7Sd2Card11waitNotBusyEj
                0x00000902       0x36 Sd2Card.o
                0x00000902                _ZN7Sd2Card11waitNotBusyEj
 .text._ZN7Sd2Card11cardCommandEhm
                0x00000938       0xc4 Sd2Card.o
                0x00000938                _ZN7Sd2Card11cardCommandEhm
 .text._ZN7Sd2Card4initEhh
                0x000009fc      0x18a Sd2Card.o
                0x000009fc                _ZN7Sd2Card4initEhh
 .text._ZN7Sd2Card14waitStartBlockEv
                0x00000b86       0x4a Sd2Card.o
                0x00000b86                _ZN7Sd2Card14waitStartBlockEv
 .text._ZN7Sd2Card8readDataEmjjPh.part.6
                0x00000bd0       0xf8 Sd2Card.o
 .text._ZN7Sd2Card8readDataEmjjPh
                0x00000cc8       0x20 Sd2Card.o
                0x00000cc8                _ZN7Sd2Card8readDataEmjjPh
 .text._ZN7Sd2Card9readBlockEmPh
                0x00000ce8       0x20 Sd2Card.o
                0x00000ce8                _ZN7Sd2Card9readBlockEmPh
 .text._ZN7Sd2Card9writeDataEhPKh
                0x00000d08       0x82 Sd2Card.o
                0x00000d08                _ZN7Sd2Card9writeDataEhPKh
 .text._ZN7Sd2Card10writeBlockEmPKh
                0x00000d8a       0x9c Sd2Card.o
                0x00000d8a                _ZN7Sd2Card10writeBlockEmPKh
 .text.startup._GLOBAL__sub_I__ZN7Sd2Card11cardCommandEhm
                0x00000e26        0xc Sd2Card.o
 .text._ZN6SdFile10addClusterEv
                0x00000e32       0x4e SdFile.o
                0x00000e32                _ZN6SdFile10addClusterEv
 .text._ZN6SdFile13addDirClusterEv
                0x00000e80       0xc0 SdFile.o
                0x00000e80                _ZN6SdFile13addDirClusterEv
 .text._ZN6SdFile13cacheDirEntryEh
                0x00000f40       0x32 SdFile.o
                0x00000f40                _ZN6SdFile13cacheDirEntryEh
 .text._ZN6SdFile10make83NameEPKcPh
                0x00000f72       0x72 SdFile.o
                0x00000f72                _ZN6SdFile10make83NameEPKcPh
 .text._ZN6SdFile8openRootEP8SdVolume
                0x00000fe4       0xa2 SdFile.o
                0x00000fe4                _ZN6SdFile8openRootEP8SdVolume
 .text._ZN6SdFile4readEPvj
                0x00001086      0x20a SdFile.o
                0x00001086                _ZN6SdFile4readEPvj
 .text._ZN6SdFile12readDirCacheEv
                0x00001290       0x92 SdFile.o
                0x00001290                _ZN6SdFile12readDirCacheEv
 .text._ZN6SdFile7seekSetEm
                0x00001322      0x12c SdFile.o
                0x00001322                _ZN6SdFile7seekSetEm
 .text._ZN6SdFile4syncEv
                0x0000144e       0x8e SdFile.o
                0x0000144e                _ZN6SdFile4syncEv
 .text._ZN6SdFile5closeEv
                0x000014dc       0x18 SdFile.o
                0x000014dc                _ZN6SdFile5closeEv
 .text._ZN6SdFile8truncateEm
                0x000014f4      0x168 SdFile.o
                0x000014f4                _ZN6SdFile8truncateEm
 .text._ZN6SdFile15openCachedEntryEhh
                0x0000165c       0xe8 SdFile.o
                0x0000165c                _ZN6SdFile15openCachedEntryEhh
 .text._ZN6SdFile4openEPS_PKch
                0x00001744      0x1dc SdFile.o
                0x00001744                _ZN6SdFile4openEPS_PKch
 .text._ZN6SdFile5writeEPKvj
                0x00001920      0x342 SdFile.o
                0x00001920                _ZN6SdFile5writeEPKvj
 .text._ZN6SdFile5writeEh
                0x00001c62       0x22 SdFile.o
                0x00001c62                _ZN6SdFile5writeEh
 .text._ZN8SdVolume10cacheFlushEv
                0x00001c84       0x76 SdVolume.o
                0x00001c84                _ZN8SdVolume10cacheFlushEv
 .text._ZN8SdVolume13cacheRawBlockEmh
                0x00001cfa       0x76 SdVolume.o
                0x00001cfa                _ZN8SdVolume13cacheRawBlockEmh
 .text._ZN8SdVolume14cacheZeroBlockEm
                0x00001d70       0x48 SdVolume.o
                0x00001d70                _ZN8SdVolume14cacheZeroBlockEm
 .text._ZNK8SdVolume6fatGetEmPm
                0x00001db8      0x108 SdVolume.o
                0x00001db8                _ZNK8SdVolume6fatGetEmPm
 .text._ZNK8SdVolume9chainSizeEmPm
                0x00001ec0       0xd2 SdVolume.o
                0x00001ec0                _ZNK8SdVolume9chainSizeEmPm
 .text._ZN8SdVolume6fatPutEmm
                0x00001f92      0x140 SdVolume.o
                0x00001f92                _ZN8SdVolume6fatPutEmm
 .text._ZN8SdVolume15allocContiguousEmPm
                0x000020d2      0x22a SdVolume.o
                0x000020d2                _ZN8SdVolume15allocContiguousEmPm
 .text._ZN8SdVolume9freeChainEm
                0x000022fc       0xac SdVolume.o
                0x000022fc                _ZN8SdVolume9freeChainEm
 .text._ZN8SdVolume4initEP7Sd2Cardh
                0x000023a8      0x22e SdVolume.o
                0x000023a8                _ZN8SdVolume4initEP7Sd2Cardh
 .text._Z10UpdateLedsv
                0x000025d6       0x22 firmware.o
                0x000025d6                _Z10UpdateLedsv
 .text._Z16UpdateStatusLedsv
                0x000025f8       0x82 firmware.o
                0x000025f8                _Z16UpdateStatusLedsv
 .text._Z11timer0_initv
                0x0000267a       0x24 firmware.o
                0x0000267a                _Z11timer0_initv
 .text._Z13parseTextFile4FilePhm
                0x0000269e      0x13e firmware.o
                0x0000269e                _Z13parseTextFile4FilePhm
 .text.startup.main
                0x000027dc      0x5d6 firmware.o
                0x000027dc                main
 .text.MsTimer_Init
                0x00002db2       0x14 MsTimer/MsTimer.o
                0x00002db2                MsTimer_Init
 .text.MsTimer_Start
                0x00002dc6       0x56 MsTimer/MsTimer.o
                0x00002dc6                MsTimer_Start
 .text.MsTimer_Stop
                0x00002e1c       0x10 MsTimer/MsTimer.o
                0x00002e1c                MsTimer_Stop
 .text.MsTimer_AddCallback
                0x00002e2c       0x36 MsTimer/MsTimer.o
                0x00002e2c                MsTimer_AddCallback
 .text.__vector_11
                0x00002e62       0xfa MsTimer/MsTimer.o
                0x00002e62                __vector_11
 .text.StatusLeds_Init
                0x00002f5c        0x8 StatusLeds/StatusLeds.o
                0x00002f5c                StatusLeds_Init
 .text.StatusLeds_Set
                0x00002f64       0x32 StatusLeds/StatusLeds.o
                0x00002f64                StatusLeds_Set
 .text.StatusLeds_Toggle
                0x00002f96       0x10 StatusLeds/StatusLeds.o
                0x00002f96                StatusLeds_Toggle
 .text.Tlc5941_Init
                0x00002fa6       0x4c Tlc5941/Tlc5941.o
                0x00002fa6                Tlc5941_Init
 .text.Tlc5941_SetAllGS
                0x00002ff2       0x36 Tlc5941/Tlc5941.o
                0x00002ff2                Tlc5941_SetAllGS
 .text.Tlc5941_SetGS
                0x00003028       0x52 Tlc5941/Tlc5941.o
                0x00003028                Tlc5941_SetGS
 .text.Tlc5941_SetAllDC
                0x0000307a       0x40 Tlc5941/Tlc5941.o
                0x0000307a                Tlc5941_SetAllDC
 .text.Tlc5941_SetDC
                0x000030ba       0x82 Tlc5941/Tlc5941.o
                0x000030ba                Tlc5941_SetDC
 .text.__vector_7
                0x0000313c       0xaa Tlc5941/Tlc5941.o
                0x0000313c                __vector_7
 .text.avr-libc.fplib
                0x000031e6       0x5e c:/program files (x86)/atmel/studio/7.0/toolchain/avr8/avr8-gnu-toolchain/bin/../lib/gcc/avr/4.9.2/../../../../avr/lib/avr5\libm.a(fixunssfsi.o)
                0x000031e6                __fixunssfsi
 .text.avr-libc.fplib
                0x00003244       0x7a c:/program files (x86)/atmel/studio/7.0/toolchain/avr8/avr8-gnu-toolchain/bin/../lib/gcc/avr/4.9.2/../../../../avr/lib/avr5\libm.a(floatsisf.o)
                0x00003244                __floatunsisf
                0x00003248                __floatsisf
 .text.avr-libc.fplib
                0x000032be       0x44 c:/program files (x86)/atmel/studio/7.0/toolchain/avr8/avr8-gnu-toolchain/bin/../lib/gcc/avr/4.9.2/../../../../avr/lib/avr5\libm.a(fp_split3.o)
                0x000032be                __fp_split3
                0x000032ce                __fp_splitA
 .text.avr-libc.fplib
                0x00003302        0xe c:/program files (x86)/atmel/studio/7.0/toolchain/avr8/avr8-gnu-toolchain/bin/../lib/gcc/avr/4.9.2/../../../../avr/lib/avr5\libm.a(fp_zero.o)
                0x00003302                __fp_zero
                0x00003304                __fp_szero
 .text.__vector_16
                0x00003310       0x94 D:\castillohair\Documents\Atmel Studio\arduinoCore328\libcore.a(wiring.c.o)
                0x00003310                __vector_16
 .text.millis   0x000033a4       0x18 D:\castillohair\Documents\Atmel Studio\arduinoCore328\libcore.a(wiring.c.o)
                0x000033a4                millis
 .text.turnOffPWM
                0x000033bc       0x52 D:\castillohair\Documents\Atmel Studio\arduinoCore328\libcore.a(wiring_digital.c.o)
 .text.pinMode  0x0000340e       0x72 D:\castillohair\Documents\Atmel Studio\arduinoCore328\libcore.a(wiring_digital.c.o)
                0x0000340e                pinMode
 .text.digitalWrite
                0x00003480       0x6c D:\castillohair\Documents\Atmel Studio\arduinoCore328\libcore.a(wiring_digital.c.o)
                0x00003480                digitalWrite
 .text._ZN14HardwareSerial9availableEv
                0x000034ec       0x16 D:\castillohair\Documents\Atmel Studio\arduinoCore328\libcore.a(HardwareSerial.cpp.o)
                0x000034ec                _ZN14HardwareSerial9availableEv
 .text._ZN14HardwareSerial4peekEv
                0x00003502       0x1c D:\castillohair\Documents\Atmel Studio\arduinoCore328\libcore.a(HardwareSerial.cpp.o)
                0x00003502                _ZN14HardwareSerial4peekEv
 .text._ZN14HardwareSerial4readEv
                0x0000351e       0x28 D:\castillohair\Documents\Atmel Studio\arduinoCore328\libcore.a(HardwareSerial.cpp.o)
                0x0000351e                _ZN14HardwareSerial4readEv
 .text._ZN14HardwareSerial17_tx_udr_empty_irqEv
                0x00003546       0x42 D:\castillohair\Documents\Atmel Studio\arduinoCore328\libcore.a(HardwareSerial.cpp.o)
                0x00003546                _ZN14HardwareSerial17_tx_udr_empty_irqEv
 .text._ZN14HardwareSerial5flushEv
                0x00003588       0x44 D:\castillohair\Documents\Atmel Studio\arduinoCore328\libcore.a(HardwareSerial.cpp.o)
                0x00003588                _ZN14HardwareSerial5flushEv
 .text._ZN14HardwareSerial5writeEh
                0x000035cc       0xca D:\castillohair\Documents\Atmel Studio\arduinoCore328\libcore.a(HardwareSerial.cpp.o)
                0x000035cc                _ZN14HardwareSerial5writeEh
 .text.__vector_18
                0x00003696       0x64 D:\castillohair\Documents\Atmel Studio\arduinoCore328\libcore.a(HardwareSerial0.cpp.o)
                0x00003696                __vector_18
 .text.__vector_19
                0x000036fa       0x4c D:\castillohair\Documents\Atmel Studio\arduinoCore328\libcore.a(HardwareSerial0.cpp.o)
                0x000036fa                __vector_19
 .text.startup._GLOBAL__sub_I___vector_18
                0x00003746       0x86 D:\castillohair\Documents\Atmel Studio\arduinoCore328\libcore.a(HardwareSerial0.cpp.o)
 .text._ZN5Print5writeEPKhj
                0x000037cc       0x50 D:\castillohair\Documents\Atmel Studio\arduinoCore328\libcore.a(Print.cpp.o)
                0x000037cc                _ZN5Print5writeEPKhj
 .text._ZN6Stream9timedReadEv
                0x0000381c       0x5c D:\castillohair\Documents\Atmel Studio\arduinoCore328\libcore.a(Stream.cpp.o)
                0x0000381c                _ZN6Stream9timedReadEv
 .text._ZN6Stream9readBytesEPcj
                0x00003878       0x46 D:\castillohair\Documents\Atmel Studio\arduinoCore328\libcore.a(Stream.cpp.o)
                0x00003878                _ZN6Stream9readBytesEPcj
 .text.libgcc.mul
                0x000038be       0x20 c:/program files (x86)/atmel/studio/7.0/toolchain/avr8/avr8-gnu-toolchain/bin/../lib/gcc/avr/4.9.2/avr5\libgcc.a(_mulsi3.o)
                0x000038be                __mulsi3
 .text.libgcc.div
                0x000038de       0x44 c:/program files (x86)/atmel/studio/7.0/toolchain/avr8/avr8-gnu-toolchain/bin/../lib/gcc/avr/4.9.2/avr5\libgcc.a(_udivmodsi4.o)
                0x000038de                __udivmodsi4
 .text.libgcc   0x00003922        0xc c:/program files (x86)/atmel/studio/7.0/toolchain/avr8/avr8-gnu-toolchain/bin/../lib/gcc/avr/4.9.2/avr5\libgcc.a(_tablejump2.o)
                0x00003922                __tablejump2__
 .text.libgcc.mul
                0x0000392e       0x16 c:/program files (x86)/atmel/studio/7.0/toolchain/avr8/avr8-gnu-toolchain/bin/../lib/gcc/avr/4.9.2/avr5\libgcc.a(_muluhisi3.o)
                0x0000392e                __muluhisi3
 .text.libgcc.mul
                0x00003944       0x1e c:/program files (x86)/atmel/studio/7.0/toolchain/avr8/avr8-gnu-toolchain/bin/../lib/gcc/avr/4.9.2/avr5\libgcc.a(_umulhisi3.o)
                0x00003944                __umulhisi3
 .text.avr-libc
                0x00003962      0x25a c:/program files (x86)/atmel/studio/7.0/toolchain/avr8/avr8-gnu-toolchain/bin/../lib/gcc/avr/4.9.2/../../../../avr/lib/avr5\libc.a(malloc.o)
                0x00003962                malloc
                0x00003a8c                free
 .text.avr-libc
                0x00003bbc      0x224 c:/program files (x86)/atmel/studio/7.0/toolchain/avr8/avr8-gnu-toolchain/bin/../lib/gcc/avr/4.9.2/../../../../avr/lib/avr5\libc.a(strtoul.o)
                0x00003bbc                strtoul
 .text.avr-libc
                0x00003de0       0x12 c:/program files (x86)/atmel/studio/7.0/toolchain/avr8/avr8-gnu-toolchain/bin/../lib/gcc/avr/4.9.2/../../../../avr/lib/avr5\libc.a(isspace.o)
                0x00003de0                isspace
 .text.avr-libc
                0x00003df2       0x1a c:/program files (x86)/atmel/studio/7.0/toolchain/avr8/avr8-gnu-toolchain/bin/../lib/gcc/avr/4.9.2/../../../../avr/lib/avr5\libc.a(memcmp.o)
                0x00003df2                memcmp
 .text.avr-libc
                0x00003e0c       0x16 c:/program files (x86)/atmel/studio/7.0/toolchain/avr8/avr8-gnu-toolchain/bin/../lib/gcc/avr/4.9.2/../../../../avr/lib/avr5\libc.a(strchr.o)
                0x00003e0c                strchr
 .text.avr-libc
                0x00003e22       0x1e c:/program files (x86)/atmel/studio/7.0/toolchain/avr8/avr8-gnu-toolchain/bin/../lib/gcc/avr/4.9.2/../../../../avr/lib/avr5\libc.a(strncpy.o)
                0x00003e22                strncpy
 .text.avr-libc
                0x00003e40        0x6 c:/program files (x86)/atmel/studio/7.0/toolchain/avr8/avr8-gnu-toolchain/bin/../lib/gcc/avr/4.9.2/../../../../avr/lib/avr5\libc.a(cty_isfalse.o)
                0x00003e40                __ctype_isfalse
                0x00003e44                __ctype_istrue
 .text.libgcc.prologue
                0x00003e46       0x38 c:/program files (x86)/atmel/studio/7.0/toolchain/avr8/avr8-gnu-toolchain/bin/../lib/gcc/avr/4.9.2/avr5\libgcc.a(_prologue.o)
                0x00003e46                __prologue_saves__
 .text.libgcc.prologue
                0x00003e7e       0x36 c:/program files (x86)/atmel/studio/7.0/toolchain/avr8/avr8-gnu-toolchain/bin/../lib/gcc/avr/4.9.2/avr5\libgcc.a(_epilogue.o)
                0x00003e7e                __epilogue_restores__
                0x00003eb4                . = ALIGN (0x2)
 *(.fini9)
 .fini9         0x00003eb4        0x0 c:/program files (x86)/atmel/studio/7.0/toolchain/avr8/avr8-gnu-toolchain/bin/../lib/gcc/avr/4.9.2/avr5\libgcc.a(_exit.o)
                0x00003eb4                _exit
                0x00003eb4                exit
 *(.fini9)
 *(.fini8)
 *(.fini8)
 *(.fini7)
 *(.fini7)
 *(.fini6)
 *(.fini6)
 *(.fini5)
 *(.fini5)
 *(.fini4)
 *(.fini4)
 *(.fini3)
 *(.fini3)
 *(.fini2)
 *(.fini2)
 *(.fini1)
 *(.fini1)
 *(.fini0)
 .fini0         0x00003eb4        0x4 c:/program files (x86)/atmel/studio/7.0/toolchain/avr8/avr8-gnu-toolchain/bin/../lib/gcc/avr/4.9.2/avr5\libgcc.a(_exit.o)
 *(.fini0)
                0x00003eb8                _etext = .

.data           0x00800100       0x50 load address 0x00003eb8
                0x00800100                PROVIDE (__data_start, .)
 *(.data)
 .data          0x00800100        0x6 c:/program files (x86)/atmel/studio/7.0/toolchain/avr8/avr8-gnu-toolchain/bin/../lib/gcc/avr/4.9.2/../../../../avr/lib/avr5\libc.a(malloc.o)
                0x00800100                __malloc_heap_end
                0x00800102                __malloc_heap_start
                0x00800104                __malloc_margin
 *(.data*)
 .data._ZN8SdVolume17cacheBlockNumber_E
                0x00800106        0x4 SdVolume.o
                0x00800106                _ZN8SdVolume17cacheBlockNumber_E
 *(.rodata)
 *(.rodata*)
 .rodata._ZTV4File
                0x0080010a       0x10 File.o
                0x0080010a                _ZTV4File
 .rodata.str1.1
                0x0080011a        0x2 SD.o
 .rodata._ZTV6SdFile
                0x0080011c        0x8 SdFile.o
                0x0080011c                _ZTV6SdFile
 .rodata.str1.1
                0x00800124       0x1c firmware.o
 .rodata._ZTV14HardwareSerial
                0x00800140       0x10 D:\castillohair\Documents\Atmel Studio\arduinoCore328\libcore.a(HardwareSerial.cpp.o)
                0x00800140                _ZTV14HardwareSerial
 *(.gnu.linkonce.d*)
                0x00800150                . = ALIGN (0x2)
                0x00800150                _edata = .
                0x00800150                PROVIDE (__data_end, .)

.bss            0x00800150      0x3ef
                0x00800150                PROVIDE (__bss_start, .)
 *(.bss)
 *(.bss*)
 .bss._ZN8SPIClass13interruptSaveE
                0x00800150        0x1 SPI.o
                0x00800150                _ZN8SPIClass13interruptSaveE
 .bss._ZN8SPIClass13interruptMaskE
                0x00800151        0x1 SPI.o
                0x00800151                _ZN8SPIClass13interruptMaskE
 .bss._ZN8SPIClass13interruptModeE
                0x00800152        0x1 SPI.o
                0x00800152                _ZN8SPIClass13interruptModeE
 .bss._ZN8SPIClass11initializedE
                0x00800153        0x1 SPI.o
                0x00800153                _ZN8SPIClass11initializedE
 .bss.SD        0x00800154       0x49 SD.o
                0x00800154                SD
 .bss._ZL20chip_select_asserted
                0x0080019d        0x1 Sd2Card.o
 .bss._ZL8settings
                0x0080019e        0x2 Sd2Card.o
 .bss._ZN6SdFile9dateTime_E
                0x008001a0        0x2 SdFile.o
                0x008001a0                _ZN6SdFile9dateTime_E
 .bss._ZN8SdVolume17cacheMirrorBlock_E
                0x008001a2        0x4 SdVolume.o
                0x008001a2                _ZN8SdVolume17cacheMirrorBlock_E
 .bss._ZN8SdVolume11cacheDirty_E
                0x008001a6        0x1 SdVolume.o
                0x008001a6                _ZN8SdVolume11cacheDirty_E
 .bss._ZN8SdVolume7sdCard_E
                0x008001a7        0x2 SdVolume.o
                0x008001a7                _ZN8SdVolume7sdCard_E
 .bss._ZN8SdVolume12cacheBuffer_E
                0x008001a9      0x200 SdVolume.o
                0x008001a9                _ZN8SdVolume12cacheBuffer_E
 .bss.dataAvailableFlag
                0x008003a9        0x1 firmware.o
                0x008003a9                dataAvailableFlag
 .bss.System_state
                0x008003aa        0x1 firmware.o
                0x008003aa                System_state
 .bss.grayscaleCalibration
                0x008003ab       0x30 firmware.o
                0x008003ab                grayscaleCalibration
 .bss.dotCorrectionValues
                0x008003db       0x30 firmware.o
                0x008003db                dotCorrectionValues
 .bss.MsTimer_CallbackN
                0x0080040b        0x1 MsTimer/MsTimer.o
                0x0080040b                MsTimer_CallbackN
 .bss.xlatNeedsPulse.1853
                0x0080040c        0x1 Tlc5941/Tlc5941.o
 .bss.timer0_fract
                0x0080040d        0x1 D:\castillohair\Documents\Atmel Studio\arduinoCore328\libcore.a(wiring.c.o)
 .bss.timer0_millis
                0x0080040e        0x4 D:\castillohair\Documents\Atmel Studio\arduinoCore328\libcore.a(wiring.c.o)
                0x0080040e                timer0_millis
 .bss.timer0_overflow_count
                0x00800412        0x4 D:\castillohair\Documents\Atmel Studio\arduinoCore328\libcore.a(wiring.c.o)
                0x00800412                timer0_overflow_count
 .bss.Serial    0x00800416       0x9d D:\castillohair\Documents\Atmel Studio\arduinoCore328\libcore.a(HardwareSerial0.cpp.o)
                0x00800416                Serial
 *(COMMON)
 COMMON         0x008004b3       0x18 MsTimer/MsTimer.o
                0x008004b3                MsTimer_Counter
                0x008004b7                MsTimer_CallbackCounter
                0x008004bf                MsTimer_Callback
                0x008004c3                MsTimer_CallbackPeriod
 COMMON         0x008004cb       0x6e Tlc5941/Tlc5941.o
                0x008004cb                Tlc5941_dcData
                0x008004ef                Tlc5941_dcUpdateFlag
                0x008004f0                Tlc5941_gsUpdateFlag
                0x008004f1                Tlc5941_gsData
 COMMON         0x00800539        0x4 c:/program files (x86)/atmel/studio/7.0/toolchain/avr8/avr8-gnu-toolchain/bin/../lib/gcc/avr/4.9.2/../../../../avr/lib/avr5\libc.a(malloc.o)
                0x00800539                __brkval
                0x0080053b                __flp
 COMMON         0x0080053d        0x2 c:/program files (x86)/atmel/studio/7.0/toolchain/avr8/avr8-gnu-toolchain/bin/../lib/gcc/avr/4.9.2/../../../../avr/lib/avr5\libc.a(errno.o)
                0x0080053d                errno
                0x0080053f                PROVIDE (__bss_end, .)
                0x00003eb8                __data_load_start = LOADADDR (.data)
                0x00003f08                __data_load_end = (__data_load_start + SIZEOF (.data))

.noinit         0x0080053f        0x0
                [!provide]                PROVIDE (__noinit_start, .)
 *(.noinit*)
                [!provide]                PROVIDE (__noinit_end, .)
                0x0080053f                _end = .
                0x0080053f                PROVIDE (__heap_start, .)

.eeprom         0x00810000        0x0
 *(.eeprom*)
                0x00810000                __eeprom_end = .

.fuse
 *(.fuse)
 *(.lfuse)
 *(.hfuse)
 *(.efuse)

.lock
 *(.lock*)

.signature
 *(.signature*)

.user_signatures
 *(.user_signatures*)

.stab
 *(.stab)

.stabstr
 *(.stabstr)

.stab.excl
 *(.stab.excl)

.stab.exclstr
 *(.stab.exclstr)

.stab.index
 *(.stab.index)

.stab.indexstr
 *(.stab.indexstr)

.comment        0x00000000       0x6d
 *(.comment)
 .comment       0x00000000       0x30 SPI.o
                                 0x31 (size before relaxing)
 .comment       0x00000030       0x31 File.o
 .comment       0x00000030       0x31 SD.o
 .comment       0x00000030       0x31 Sd2Card.o
 .comment       0x00000030       0x31 SdFile.o
 .comment       0x00000030       0x31 SdVolume.o
 .comment       0x00000030       0x31 firmware.o
 .comment       0x00000030       0x31 MsTimer/MsTimer.o
 .comment       0x00000030       0x31 StatusLeds/StatusLeds.o
 .comment       0x00000030       0x31 Tlc5941/Tlc5941.o
 .comment       0x00000030       0x11 D:\castillohair\Documents\Atmel Studio\arduinoCore328\libcore.a(wiring.c.o)
                                 0x12 (size before relaxing)
 .comment       0x00000041       0x12 D:\castillohair\Documents\Atmel Studio\arduinoCore328\libcore.a(wiring_digital.c.o)
 .comment       0x00000041       0x12 D:\castillohair\Documents\Atmel Studio\arduinoCore328\libcore.a(HardwareSerial.cpp.o)
 .comment       0x00000041       0x12 D:\castillohair\Documents\Atmel Studio\arduinoCore328\libcore.a(HardwareSerial0.cpp.o)
 .comment       0x00000041       0x12 D:\castillohair\Documents\Atmel Studio\arduinoCore328\libcore.a(Print.cpp.o)
 .comment       0x00000041       0x12 D:\castillohair\Documents\Atmel Studio\arduinoCore328\libcore.a(Stream.cpp.o)
 .comment       0x00000041       0x31 c:/program files (x86)/atmel/studio/7.0/toolchain/avr8/avr8-gnu-toolchain/bin/../lib/gcc/avr/4.9.2/../../../../avr/lib/avr5\libc.a(malloc.o)
 .comment       0x00000041       0x31 c:/program files (x86)/atmel/studio/7.0/toolchain/avr8/avr8-gnu-toolchain/bin/../lib/gcc/avr/4.9.2/../../../../avr/lib/avr5\libc.a(strtoul.o)
 .comment       0x00000041       0x2c c:/program files (x86)/atmel/studio/7.0/toolchain/avr8/avr8-gnu-toolchain/bin/../lib/gcc/avr/4.9.2/../../../../avr/lib/avr5\libc.a(errno.o)
                                 0x2d (size before relaxing)

.note.gnu.avr.deviceinfo
                0x00000000       0x3c
 .note.gnu.avr.deviceinfo
                0x00000000       0x3c c:/program files (x86)/atmel/studio/7.0/toolchain/avr8/avr8-gnu-toolchain/bin/../lib/gcc/avr/4.9.2/../../../../avr/lib/avr5/crtatmega328.o

.note.gnu.build-id
 *(.note.gnu.build-id)

.debug
 *(.debug)

.line
 *(.line)

.debug_srcinfo
 *(.debug_srcinfo)

.debug_sfnames
 *(.debug_sfnames)

.debug_aranges  0x00000000      0x7a8
 *(.debug_aranges)
 .debug_aranges
                0x00000000       0x38 SPI.o
 .debug_aranges
                0x00000038       0xa0 File.o
 .debug_aranges
                0x000000d8       0xa0 SD.o
 .debug_aranges
                0x00000178       0xe8 Sd2Card.o
 .debug_aranges
                0x00000260      0x130 SdFile.o
 .debug_aranges
                0x00000390       0x60 SdVolume.o
 .debug_aranges
                0x000003f0       0x40 firmware.o
 .debug_aranges
                0x00000430       0x40 MsTimer/MsTimer.o
 .debug_aranges
                0x00000470       0x30 StatusLeds/StatusLeds.o
 .debug_aranges
                0x000004a0       0x50 Tlc5941/Tlc5941.o
 .debug_aranges
                0x000004f0       0x48 D:\castillohair\Documents\Atmel Studio\arduinoCore328\libcore.a(wiring.c.o)
 .debug_aranges
                0x00000538       0x38 D:\castillohair\Documents\Atmel Studio\arduinoCore328\libcore.a(wiring_digital.c.o)
 .debug_aranges
                0x00000570       0x68 D:\castillohair\Documents\Atmel Studio\arduinoCore328\libcore.a(HardwareSerial.cpp.o)
 .debug_aranges
                0x000005d8       0x38 D:\castillohair\Documents\Atmel Studio\arduinoCore328\libcore.a(HardwareSerial0.cpp.o)
 .debug_aranges
                0x00000610       0xf0 D:\castillohair\Documents\Atmel Studio\arduinoCore328\libcore.a(Print.cpp.o)
 .debug_aranges
                0x00000700       0xa8 D:\castillohair\Documents\Atmel Studio\arduinoCore328\libcore.a(Stream.cpp.o)

.debug_pubnames
 *(.debug_pubnames)

.debug_info     0x00000000    0x1ef7a
 *(.debug_info .gnu.linkonce.wi.*)
 .debug_info    0x00000000      0x5f4 c:/program files (x86)/atmel/studio/7.0/toolchain/avr8/avr8-gnu-toolchain/bin/../lib/gcc/avr/4.9.2/../../../../avr/lib/avr5/crtatmega328.o
 .debug_info    0x000005f4      0x6db SPI.o
 .debug_info    0x00000ccf     0x2861 File.o
 .debug_info    0x00003530     0x4948 SD.o
 .debug_info    0x00007e78     0x2e9b Sd2Card.o
 .debug_info    0x0000ad13     0x51b6 SdFile.o
 .debug_info    0x0000fec9     0x25c3 SdVolume.o
 .debug_info    0x0001248c     0x4456 firmware.o
 .debug_info    0x000168e2      0x24e MsTimer/MsTimer.o
 .debug_info    0x00016b30      0x15b StatusLeds/StatusLeds.o
 .debug_info    0x00016c8b      0x323 Tlc5941/Tlc5941.o
 .debug_info    0x00016fae      0x2c2 D:\castillohair\Documents\Atmel Studio\arduinoCore328\libcore.a(wiring.c.o)
 .debug_info    0x00017270      0x5f1 D:\castillohair\Documents\Atmel Studio\arduinoCore328\libcore.a(wiring_digital.c.o)
 .debug_info    0x00017861     0x1aee D:\castillohair\Documents\Atmel Studio\arduinoCore328\libcore.a(HardwareSerial.cpp.o)
 .debug_info    0x0001934f     0x1707 D:\castillohair\Documents\Atmel Studio\arduinoCore328\libcore.a(HardwareSerial0.cpp.o)
 .debug_info    0x0001aa56     0x2667 D:\castillohair\Documents\Atmel Studio\arduinoCore328\libcore.a(Print.cpp.o)
 .debug_info    0x0001d0bd     0x1ebd D:\castillohair\Documents\Atmel Studio\arduinoCore328\libcore.a(Stream.cpp.o)

.debug_abbrev   0x00000000     0x4621
 *(.debug_abbrev)
 .debug_abbrev  0x00000000      0x5a2 c:/program files (x86)/atmel/studio/7.0/toolchain/avr8/avr8-gnu-toolchain/bin/../lib/gcc/avr/4.9.2/../../../../avr/lib/avr5/crtatmega328.o
 .debug_abbrev  0x000005a2      0x285 SPI.o
 .debug_abbrev  0x00000827      0x4f0 File.o
 .debug_abbrev  0x00000d17      0x804 SD.o
 .debug_abbrev  0x0000151b      0x686 Sd2Card.o
 .debug_abbrev  0x00001ba1      0x861 SdFile.o
 .debug_abbrev  0x00002402      0x585 SdVolume.o
 .debug_abbrev  0x00002987      0x72b firmware.o
 .debug_abbrev  0x000030b2      0x11c MsTimer/MsTimer.o
 .debug_abbrev  0x000031ce       0xd8 StatusLeds/StatusLeds.o
 .debug_abbrev  0x000032a6      0x124 Tlc5941/Tlc5941.o
 .debug_abbrev  0x000033ca      0x143 D:\castillohair\Documents\Atmel Studio\arduinoCore328\libcore.a(wiring.c.o)
 .debug_abbrev  0x0000350d      0x162 D:\castillohair\Documents\Atmel Studio\arduinoCore328\libcore.a(wiring_digital.c.o)
 .debug_abbrev  0x0000366f      0x3fb D:\castillohair\Documents\Atmel Studio\arduinoCore328\libcore.a(HardwareSerial.cpp.o)
 .debug_abbrev  0x00003a6a      0x35d D:\castillohair\Documents\Atmel Studio\arduinoCore328\libcore.a(HardwareSerial0.cpp.o)
 .debug_abbrev  0x00003dc7      0x425 D:\castillohair\Documents\Atmel Studio\arduinoCore328\libcore.a(Print.cpp.o)
 .debug_abbrev  0x000041ec      0x435 D:\castillohair\Documents\Atmel Studio\arduinoCore328\libcore.a(Stream.cpp.o)

.debug_line     0x00000000     0x5516
 *(.debug_line .debug_line.* .debug_line_end)
 .debug_line    0x00000000       0x1a c:/program files (x86)/atmel/studio/7.0/toolchain/avr8/avr8-gnu-toolchain/bin/../lib/gcc/avr/4.9.2/../../../../avr/lib/avr5/crtatmega328.o
 .debug_line    0x0000001a      0x371 SPI.o
 .debug_line    0x0000038b      0x602 File.o
 .debug_line    0x0000098d      0x7e9 SD.o
 .debug_line    0x00001176      0xb78 Sd2Card.o
 .debug_line    0x00001cee     0x1358 SdFile.o
 .debug_line    0x00003046      0x590 SdVolume.o
 .debug_line    0x000035d6      0x890 firmware.o
 .debug_line    0x00003e66      0x1a7 MsTimer/MsTimer.o
 .debug_line    0x0000400d      0x119 StatusLeds/StatusLeds.o
 .debug_line    0x00004126      0x375 Tlc5941/Tlc5941.o
 .debug_line    0x0000449b      0x1d0 D:\castillohair\Documents\Atmel Studio\arduinoCore328\libcore.a(wiring.c.o)
 .debug_line    0x0000466b      0x196 D:\castillohair\Documents\Atmel Studio\arduinoCore328\libcore.a(wiring_digital.c.o)
 .debug_line    0x00004801      0x2e4 D:\castillohair\Documents\Atmel Studio\arduinoCore328\libcore.a(HardwareSerial.cpp.o)
 .debug_line    0x00004ae5      0x234 D:\castillohair\Documents\Atmel Studio\arduinoCore328\libcore.a(HardwareSerial0.cpp.o)
 .debug_line    0x00004d19      0x445 D:\castillohair\Documents\Atmel Studio\arduinoCore328\libcore.a(Print.cpp.o)
 .debug_line    0x0000515e      0x3b8 D:\castillohair\Documents\Atmel Studio\arduinoCore328\libcore.a(Stream.cpp.o)

.debug_frame    0x00000000     0x1e34
 *(.debug_frame)
 .debug_frame   0x00000000       0x5c SPI.o
 .debug_frame   0x0000005c      0x1b0 File.o
 .debug_frame   0x0000020c      0x2b4 SD.o
 .debug_frame   0x000004c0      0x3e4 Sd2Card.o
 .debug_frame   0x000008a4      0x6ec SdFile.o
 .debug_frame   0x00000f90      0x27c SdVolume.o
 .debug_frame   0x0000120c       0xd0 firmware.o
 .debug_frame   0x000012dc       0xc4 MsTimer/MsTimer.o
 .debug_frame   0x000013a0       0x44 StatusLeds/StatusLeds.o
 .debug_frame   0x000013e4       0xa4 Tlc5941/Tlc5941.o
 .debug_frame   0x00001488       0xbc D:\castillohair\Documents\Atmel Studio\arduinoCore328\libcore.a(wiring.c.o)
 .debug_frame   0x00001544       0x88 D:\castillohair\Documents\Atmel Studio\arduinoCore328\libcore.a(wiring_digital.c.o)
 .debug_frame   0x000015cc      0x110 D:\castillohair\Documents\Atmel Studio\arduinoCore328\libcore.a(HardwareSerial.cpp.o)
 .debug_frame   0x000016dc       0xc0 D:\castillohair\Documents\Atmel Studio\arduinoCore328\libcore.a(HardwareSerial0.cpp.o)
 .debug_frame   0x0000179c      0x3a4 D:\castillohair\Documents\Atmel Studio\arduinoCore328\libcore.a(Print.cpp.o)
 .debug_frame   0x00001b40      0x2f4 D:\castillohair\Documents\Atmel Studio\arduinoCore328\libcore.a(Stream.cpp.o)

.debug_str      0x00000000     0x4e82
 *(.debug_str)
 .debug_str     0x00000000      0x208 c:/program files (x86)/atmel/studio/7.0/toolchain/avr8/avr8-gnu-toolchain/bin/../lib/gcc/avr/4.9.2/../../../../avr/lib/avr5/crtatmega328.o
 .debug_str     0x00000208      0x62e SPI.o
                                0x678 (size before relaxing)
 .debug_str     0x00000836     0x1616 File.o
                               0x190f (size before relaxing)
 .debug_str     0x00001e4c     0x1616 SD.o
                               0x2993 (size before relaxing)
 .debug_str     0x00003462      0x13f Sd2Card.o
                               0x1250 (size before relaxing)
 .debug_str     0x000035a1      0x8ea SdFile.o
                               0x2639 (size before relaxing)
 .debug_str     0x00003e8b      0x11e SdVolume.o
                               0x1a5f (size before relaxing)
 .debug_str     0x00003fa9      0x315 firmware.o
                               0x2b40 (size before relaxing)
 .debug_str     0x000042be      0x133 MsTimer/MsTimer.o
                                0x28e (size before relaxing)
 .debug_str     0x000043f1       0x22 StatusLeds/StatusLeds.o
                                0x200 (size before relaxing)
 .debug_str     0x00004413       0x6e Tlc5941/Tlc5941.o
                                0x27d (size before relaxing)
 .debug_str     0x00004481      0x109 D:\castillohair\Documents\Atmel Studio\arduinoCore328\libcore.a(wiring.c.o)
                                0x19c (size before relaxing)
 .debug_str     0x0000458a       0xae D:\castillohair\Documents\Atmel Studio\arduinoCore328\libcore.a(wiring_digital.c.o)
                                0x20a (size before relaxing)
 .debug_str     0x00004638      0x430 D:\castillohair\Documents\Atmel Studio\arduinoCore328\libcore.a(HardwareSerial.cpp.o)
                               0x1178 (size before relaxing)
 .debug_str     0x00004a68       0x7d D:\castillohair\Documents\Atmel Studio\arduinoCore328\libcore.a(HardwareSerial0.cpp.o)
                                0xf72 (size before relaxing)
 .debug_str     0x00004ae5      0x2ed D:\castillohair\Documents\Atmel Studio\arduinoCore328\libcore.a(Print.cpp.o)
                                0xe20 (size before relaxing)
 .debug_str     0x00004dd2       0xb0 D:\castillohair\Documents\Atmel Studio\arduinoCore328\libcore.a(Stream.cpp.o)
                                0xe74 (size before relaxing)

.debug_loc      0x00000000     0xd109
 *(.debug_loc)
 .debug_loc     0x00000000      0x1e4 SPI.o
 .debug_loc     0x000001e4      0x88d File.o
 .debug_loc     0x00000a71     0x154a SD.o
 .debug_loc     0x00001fbb     0x1e28 Sd2Card.o
 .debug_loc     0x00003de3     0x37fa SdFile.o
 .debug_loc     0x000075dd      0xffb SdVolume.o
 .debug_loc     0x000085d8      0x4c1 firmware.o
 .debug_loc     0x00008a99      0x17d MsTimer/MsTimer.o
 .debug_loc     0x00008c16       0x74 StatusLeds/StatusLeds.o
 .debug_loc     0x00008c8a      0x4ff Tlc5941/Tlc5941.o
 .debug_loc     0x00009189      0x22b D:\castillohair\Documents\Atmel Studio\arduinoCore328\libcore.a(wiring.c.o)
 .debug_loc     0x000093b4      0x617 D:\castillohair\Documents\Atmel Studio\arduinoCore328\libcore.a(wiring_digital.c.o)
 .debug_loc     0x000099cb      0x48d D:\castillohair\Documents\Atmel Studio\arduinoCore328\libcore.a(HardwareSerial.cpp.o)
 .debug_loc     0x00009e58      0x161 D:\castillohair\Documents\Atmel Studio\arduinoCore328\libcore.a(HardwareSerial0.cpp.o)
 .debug_loc     0x00009fb9     0x1e5c D:\castillohair\Documents\Atmel Studio\arduinoCore328\libcore.a(Print.cpp.o)
 .debug_loc     0x0000be15     0x12f4 D:\castillohair\Documents\Atmel Studio\arduinoCore328\libcore.a(Stream.cpp.o)

.debug_macinfo
 *(.debug_macinfo)

.debug_weaknames
 *(.debug_weaknames)

.debug_funcnames
 *(.debug_funcnames)

.debug_typenames
 *(.debug_typenames)

.debug_varnames
 *(.debug_varnames)

.debug_pubtypes
 *(.debug_pubtypes)

.debug_ranges   0x00000000      0xb48
 *(.debug_ranges)
 .debug_ranges  0x00000000       0x28 SPI.o
 .debug_ranges  0x00000028       0x90 File.o
 .debug_ranges  0x000000b8       0xd8 SD.o
 .debug_ranges  0x00000190      0x128 Sd2Card.o
 .debug_ranges  0x000002b8      0x3c0 SdFile.o
 .debug_ranges  0x00000678       0x98 SdVolume.o
 .debug_ranges  0x00000710       0x90 firmware.o
 .debug_ranges  0x000007a0       0x30 MsTimer/MsTimer.o
 .debug_ranges  0x000007d0       0x20 StatusLeds/StatusLeds.o
 .debug_ranges  0x000007f0       0x40 Tlc5941/Tlc5941.o
 .debug_ranges  0x00000830       0x38 D:\castillohair\Documents\Atmel Studio\arduinoCore328\libcore.a(wiring.c.o)
 .debug_ranges  0x00000868       0x40 D:\castillohair\Documents\Atmel Studio\arduinoCore328\libcore.a(wiring_digital.c.o)
 .debug_ranges  0x000008a8       0x70 D:\castillohair\Documents\Atmel Studio\arduinoCore328\libcore.a(HardwareSerial.cpp.o)
 .debug_ranges  0x00000918       0x28 D:\castillohair\Documents\Atmel Studio\arduinoCore328\libcore.a(HardwareSerial0.cpp.o)
 .debug_ranges  0x00000940      0x140 D:\castillohair\Documents\Atmel Studio\arduinoCore328\libcore.a(Print.cpp.o)
 .debug_ranges  0x00000a80       0xc8 D:\castillohair\Documents\Atmel Studio\arduinoCore328\libcore.a(Stream.cpp.o)

.debug_macro
 *(.debug_macro)
OUTPUT(firmware.elf elf32-avr)
LOAD linker stubs
